// Jest Snapshot v1, https://goo.gl/fbAQLP

exports[`Project Project component should match the snapshot 1`] = `
<div>
  <div
    className="Project--div--name"
  >
    <h3
      onClick={[Function]}
    />
    <i
      className="far fa-trash-alt"
      onClick={[Function]}
    />
  </div>
  <MiniPaletteArea />
</div>
`;

exports[`Project Project component should match the snapshot when expanded is true 1`] = `
<div>
  <div
    className="Project--div--name"
  >
    <h3
      onClick={[Function]}
    />
    <i
      className="far fa-trash-alt"
      onClick={[Function]}
    />
  </div>
  <MiniPaletteArea />
</div>
`;
