// Jest Snapshot v1, https://goo.gl/fbAQLP

exports[`Sidebar Sidebar component should match the snapshit 1`] = `
<div
  className="Sidebar--div"
>
  <h2>
    My Projects
  </h2>
  <form
    autoComplete="off"
    onSubmit={[Function]}
  >
    <input
      name="name"
      onChange={[Function]}
      placeholder="Project Name"
      value=""
    />
    <button>
      Create New Project
    </button>
  </form>
  <Connect(ProjectArea) />
</div>
`;
