// Jest Snapshot v1, https://goo.gl/fbAQLP

exports[`MiniPaletteArea MiniPaletteArea component should match the snapshot 1`] = `
<div
  className="MiniPaletteArea--div"
>
  <Connect(MiniPalette)
    color1="#FCB97D"
    color2="#EDD892"
    color3="#C6B89E"
    color4="#B5B8A3"
    color5="#AABA9E"
    created_at="2019-03-19T20:28:06.194Z"
    id={1}
    name="Not favorites"
    project_id={1}
    updated_at="2019-03-19T20:28:06.194Z"
  />
  <Connect(MiniPalette)
    color1="#A0DDFF"
    color2="#758ECD"
    color3="#C1CEFE"
    color4="#7189FF"
    color5="#624CAB"
    created_at="2019-03-19T20:28:06.193Z"
    id={2}
    name="Favorites"
    project_id={1}
    updated_at="2019-03-19T20:28:06.193Z"
  />
</div>
`;
